// Jest Snapshot v1, https://goo.gl/fbAQLP

exports[`<Container /> should render the heading 1`] = `
<main
  class=""
>
  <h1>
    Container
  </h1>
</main>
`;
