// Jest Snapshot v1, https://goo.gl/fbAQLP

exports[`<CardCalculator /> should render the heading 1`] = `
<main
  class=""
>
  <h1>
    CardCalculator
  </h1>
</main>
`;
